2026-02-04 01:30:19,969 - INFO - KNN Test Accuracy: 0.7892122072391767
2026-02-04 01:30:19,969 - INFO - KNN ROC-AUC: 0.7953836160940718
2026-02-04 01:30:19,999 - INFO - Naive Bayes Test Accuracy: 0.7331440738112136
2026-02-04 01:30:19,999 - INFO - Naive Bayes ROC-AUC: 0.8400025360481125
2026-02-04 01:30:20,017 - INFO - Logistic Regression Test Accuracy: 0.8211497515968772
2026-02-04 01:30:20,017 - INFO - Logistic Regression ROC-AUC: 0.8613985011438093
2026-02-04 01:30:20,029 - INFO - Decision Tree Test Accuracy: 0.7395315826827538
2026-02-04 01:30:20,029 - INFO - Decision Tree ROC-AUC: 0.6677725216599212
2026-02-04 01:30:20,158 - INFO - Random Forest Test Accuracy: 0.7927608232789212
2026-02-04 01:30:20,158 - INFO - Random Forest ROC-AUC: 0.842213814733922
2026-02-04 01:30:20,173 - INFO - AdaBoost Test Accuracy: 0.7799858055358411
2026-02-04 01:30:20,173 - INFO - AdaBoost ROC-AUC: 0.8329016013332368
2026-02-04 01:30:20,193 - INFO - Gradient Boosting Test Accuracy: 0.8097941802696949
2026-02-04 01:30:20,193 - INFO - Gradient Boosting ROC-AUC: 0.8591302907656796
2026-02-04 01:30:20,217 - INFO - XGBoost Test Accuracy: 0.7863733144073811
2026-02-04 01:30:20,217 - INFO - XGBoost ROC-AUC: 0.8375609427888249
2026-02-04 01:30:21,443 - INFO - SVM Test Accuracy: 0.8168914123491838
2026-02-04 01:30:21,443 - INFO - SVM ROC-AUC: 0.8208903081557238
2026-02-04 01:30:47,986 - INFO - BEST MODEL: Logistic Regression with ROC-AUC: 0.8613985011438093
2026-02-04 01:30:54,971 - INFO - Tuned Logistic Params: {'C': 10, 'max_iter': 500, 'penalty': 'l2', 'solver': 'lbfgs'}
2026-02-04 01:30:54,971 - INFO - Tuned Logistic CV ROC-AUC: 0.840223710631706
2026-02-04 01:30:54,971 - INFO - Logistic Regression saved successfully as Churn_Prediction_Best_Model.pkl
